00:00 +0: loading C:/Users/tamav/Desktop/PROYEK/Analisa RUP/test/widget_test.dart
00:00 +0: Smoke test - App runs and loads Beranda
Error loading data: HiveError: You need to initialize Hive or provide a path to store the box.
ΓòÉΓòÉΓòí EXCEPTION CAUGHT BY FLUTTER TEST FRAMEWORK Γò₧ΓòÉΓòÉΓòÉΓòÉΓòÉΓòÉΓòÉΓòÉΓòÉΓòÉΓòÉΓòÉΓòÉΓòÉΓòÉΓòÉΓòÉΓòÉΓòÉΓòÉΓòÉΓòÉΓòÉΓòÉΓòÉΓòÉΓòÉΓòÉΓòÉΓòÉΓòÉΓòÉΓòÉΓòÉΓòÉΓòÉΓòÉΓòÉΓòÉΓòÉΓòÉΓòÉΓòÉΓòÉΓòÉΓòÉΓòÉΓòÉΓòÉΓòÉΓòÉΓòÉ
The following HiveError was thrown running a test:
You need to initialize Hive or provide a path to store the box.

When the exception was thrown, this was the stack:
#0      BackendManager.open (package:hive/src/backend/vm/backend_manager.dart:21:7)
#1      HiveImpl._openBox (package:hive/src/hive_impl.dart:101:36)
#2      HiveImpl.openBox (package:hive/src/hive_impl.dart:142:18)
#3      HiveService.openBox (package:pantau_pengadaan/data/hive_service.dart:21:23)
#4      HiveService.getSemuaPaket (package:pantau_pengadaan/data/hive_service.dart:56:23)
#5      BerandaProvider.loadData (package:pantau_pengadaan/presentation/beranda/beranda_provider.dart:28:39)
#6      new BerandaProvider (package:pantau_pengadaan/presentation/beranda/beranda_provider.dart:20:5)
#7      main.<anonymous closure>.<anonymous closure> (file:///C:/Users/tamav/Desktop/PROYEK/Analisa%20RUP/test/widget_test.dart:13:28)
#8      _CreateInheritedProviderState.value (package:provider/src/inherited_provider.dart:749:36)
#9      _InheritedProviderScopeElement.value (package:provider/src/inherited_provider.dart:603:33)
#10     Provider.of (package:provider/src/provider.dart:337:37)
#11     Consumer.buildWithChild (package:provider/src/consumer.dart:181:16)
#12     SingleChildStatelessWidget.build (package:nested/nested.dart:259:41)
#13     StatelessElement.build (package:flutter/src/widgets/framework.dart:5889:49)
#14     SingleChildStatelessElement.build (package:nested/nested.dart:279:18)
#15     ComponentElement.performRebuild (package:flutter/src/widgets/framework.dart:5817:15)
#16     Element.rebuild (package:flutter/src/widgets/framework.dart:5529:7)
#17     ComponentElement._firstBuild (package:flutter/src/widgets/framework.dart:5799:5)
#18     ComponentElement.mount (package:flutter/src/widgets/framework.dart:5793:5)
#19     SingleChildWidgetElementMixin.mount (package:nested/nested.dart:222:11)
...     Normal element mounting (25 frames)
#44     Element.inflateWidget (package:flutter/src/widgets/framework.dart:4587:20)
#45     MultiChildRenderObjectElement.inflateWidget (package:flutter/src/widgets/framework.dart:7264:36)
#46     MultiChildRenderObjectElement.mount (package:flutter/src/widgets/framework.dart:7279:32)
...     Normal element mounting (378 frames)
#424    Element.inflateWidget (package:flutter/src/widgets/framework.dart:4587:20)
#425    MultiChildRenderObjectElement.inflateWidget (package:flutter/src/widgets/framework.dart:7264:36)
#426    MultiChildRenderObjectElement.mount (package:flutter/src/widgets/framework.dart:7279:32)
...     Normal element mounting (497 frames)
#923    _InheritedProviderScopeElement.mount (package:provider/src/inherited_provider.dart:424:11)
...     Normal element mounting (7 frames)
#930    SingleChildWidgetElementMixin.mount (package:nested/nested.dart:222:11)
...     Normal element mounting (7 frames)
#937    _NestedHookElement.mount (package:nested/nested.dart:187:11)
...     Normal element mounting (7 frames)
#944    SingleChildWidgetElementMixin.mount (package:nested/nested.dart:222:11)
#945    Element.inflateWidget (package:flutter/src/widgets/framework.dart:4587:20)
#946    Element.updateChild (package:flutter/src/widgets/framework.dart:4053:20)
#947    ComponentElement.performRebuild (package:flutter/src/widgets/framework.dart:5841:16)
#948    Element.rebuild (package:flutter/src/widgets/framework.dart:5529:7)
#949    ProxyElement.update (package:flutter/src/widgets/framework.dart:6149:5)
#950    _InheritedNotifierElement.update (package:flutter/src/widgets/inherited_notifier.dart:108:11)
#951    Element.updateChild (package:flutter/src/widgets/framework.dart:4037:15)
#952    ComponentElement.performRebuild (package:flutter/src/widgets/framework.dart:5841:16)
#953    StatefulElement.performRebuild (package:flutter/src/widgets/framework.dart:5982:11)
#954    Element.rebuild (package:flutter/src/widgets/framework.dart:5529:7)
#955    StatefulElement.update (package:flutter/src/widgets/framework.dart:6007:5)
#956    Element.updateChild (package:flutter/src/widgets/framework.dart:4037:15)
#957    ComponentElement.performRebuild (package:flutter/src/widgets/framework.dart:5841:16)
#958    Element.rebuild (package:flutter/src/widgets/framework.dart:5529:7)
#959    ProxyElement.update (package:flutter/src/widgets/framework.dart:6149:5)
#960    _InheritedNotifierElement.update (package:flutter/src/widgets/inherited_notifier.dart:108:11)
#961    Element.updateChild (package:flutter/src/widgets/framework.dart:4037:15)
#962    ComponentElement.performRebuild (package:flutter/src/widgets/framework.dart:5841:16)
#963    StatefulElement.performRebuild (package:flutter/src/widgets/framework.dart:5982:11)
#964    Element.rebuild (package:flutter/src/widgets/framework.dart:5529:7)
#965    StatefulElement.update (package:flutter/src/widgets/framework.dart:6007:5)
#966    Element.updateChild (package:flutter/src/widgets/framework.dart:4037:15)
#967    ComponentElement.performRebuild (package:flutter/src/widgets/framework.dart:5841:16)
#968    StatefulElement.performRebuild (package:flutter/src/widgets/framework.dart:5982:11)
#969    Element.rebuild (package:flutter/src/widgets/framework.dart:5529:7)
#970    StatefulElement.update (package:flutter/src/widgets/framework.dart:6007:5)
#971    Element.updateChild (package:flutter/src/widgets/framework.dart:4037:15)
#972    ComponentElement.performRebuild (package:flutter/src/widgets/framework.dart:5841:16)
#973    Element.rebuild (package:flutter/src/widgets/framework.dart:5529:7)
#974    ProxyElement.update (package:flutter/src/widgets/framework.dart:6149:5)
#975    Element.updateChild (package:flutter/src/widgets/framework.dart:4037:15)
#976    ComponentElement.performRebuild (package:flutter/src/widgets/framework.dart:5841:16)
#977    StatefulElement.performRebuild (package:flutter/src/widgets/framework.dart:5982:11)
#978    Element.rebuild (package:flutter/src/widgets/framework.dart:5529:7)
#979    StatefulElement.update (package:flutter/src/widgets/framework.dart:6007:5)
#980    Element.updateChild (package:flutter/src/widgets/framework.dart:4037:15)
#981    ComponentElement.performRebuild (package:flutter/src/widgets/framework.dart:5841:16)
#982    Element.rebuild (package:flutter/src/widgets/framework.dart:5529:7)
#983    ProxyElement.update (package:flutter/src/widgets/framework.dart:6149:5)
#984    Element.updateChild (package:flutter/src/widgets/framework.dart:4037:15)
#985    ComponentElement.performRebuild (package:flutter/src/widgets/framework.dart:5841:16)
#986    Element.rebuild (package:flutter/src/widgets/framework.dart:5529:7)
#987    ProxyElement.update (package:flutter/src/widgets/framework.dart:6149:5)
#988    Element.updateChild (package:flutter/src/widgets/framework.dart:4037:15)
#989    _RawViewElement._updateChild (package:flutter/src/widgets/view.dart:481:16)
#990    _RawViewElement.update (package:flutter/src/widgets/view.dart:568:5)
#991    Element.updateChild (package:flutter/src/widgets/framework.dart:4037:15)
#992    ComponentElement.performRebuild (package:flutter/src/widgets/framework.dart:5841:16)
#993    Element.rebuild (package:flutter/src/widgets/framework.dart:5529:7)
#994    StatelessElement.update (package:flutter/src/widgets/framework.dart:5895:5)
#995    Element.updateChild (package:flutter/src/widgets/framework.dart:4037:15)
#996    ComponentElement.performRebuild (package:flutter/src/widgets/framework.dart:5841:16)
#997    StatefulElement.performRebuild (package:flutter/src/widgets/framework.dart:5982:11)
#998    Element.rebuild (package:flutter/src/widgets/framework.dart:5529:7)
#999    StatefulElement.update (package:flutter/src/widgets/framework.dart:6007:5)
#1000   Element.updateChild (package:flutter/src/widgets/framework.dart:4037:15)
#1001   RootElement._rebuild (package:flutter/src/widgets/binding.dart:1822:16)
#1002   RootElement.update (package:flutter/src/widgets/binding.dart:1800:5)
#1003   RootElement.performRebuild (package:flutter/src/widgets/binding.dart:1814:7)
#1004   Element.rebuild (package:flutter/src/widgets/framework.dart:5529:7)
#1005   BuildScope._tryRebuild (package:flutter/src/widgets/framework.dart:2750:15)
#1006   BuildScope._flushDirtyElements (package:flutter/src/widgets/framework.dart:2807:11)
#1007   BuildOwner.buildScope (package:flutter/src/widgets/framework.dart:3111:18)
#1008   AutomatedTestWidgetsFlutterBinding.drawFrame (package:flutter_test/src/binding.dart:2131:19)
#1009   RendererBinding._handlePersistentFrameCallback (package:flutter/src/rendering/binding.dart:495:5)
#1010   SchedulerBinding._invokeFrameCallback (package:flutter/src/scheduler/binding.dart:1430:15)
#1011   SchedulerBinding.handleDrawFrame (package:flutter/src/scheduler/binding.dart:1345:9)
#1012   AutomatedTestWidgetsFlutterBinding.pump.<anonymous closure> (package:flutter_test/src/binding.dart:1960:9)
#1015   TestAsyncUtils.guard (package:flutter_test/src/test_async_utils.dart:74:41)
#1016   AutomatedTestWidgetsFlutterBinding.pump (package:flutter_test/src/binding.dart:1949:27)
#1017   WidgetTester.pumpWidget.<anonymous closure> (package:flutter_test/src/widget_tester.dart:598:22)
#1020   TestAsyncUtils.guard (package:flutter_test/src/test_async_utils.dart:74:41)
#1021   WidgetTester.pumpWidget (package:flutter_test/src/widget_tester.dart:595:27)
#1022   main.<anonymous closure> (file:///C:/Users/tamav/Desktop/PROYEK/Analisa%20RUP/test/widget_test.dart:9:18)
#1023   testWidgets.<anonymous closure>.<anonymous closure> (package:flutter_test/src/widget_tester.dart:192:29)
<asynchronous suspension>
#1024   TestWidgetsFlutterBinding._runTestBody (package:flutter_test/src/binding.dart:1682:5)
<asynchronous suspension>
<asynchronous suspension>
(elided 5 frames from dart:async and package:stack_trace)

The test description was:
  Smoke test - App runs and loads Beranda
ΓòÉΓòÉΓòÉΓòÉΓòÉΓòÉΓòÉΓòÉΓòÉΓòÉΓòÉΓòÉΓòÉΓòÉΓòÉΓòÉΓòÉΓòÉΓòÉΓòÉΓòÉΓòÉΓòÉΓòÉΓòÉΓòÉΓòÉΓòÉΓòÉΓòÉΓòÉΓòÉΓòÉΓòÉΓòÉΓòÉΓòÉΓòÉΓòÉΓòÉΓòÉΓòÉΓòÉΓòÉΓòÉΓòÉΓòÉΓòÉΓòÉΓòÉΓòÉΓòÉΓòÉΓòÉΓòÉΓòÉΓòÉΓòÉΓòÉΓòÉΓòÉΓòÉΓòÉΓòÉΓòÉΓòÉΓòÉΓòÉΓòÉΓòÉΓòÉΓòÉΓòÉΓòÉΓòÉΓòÉΓòÉΓòÉΓòÉΓòÉΓòÉΓòÉΓòÉΓòÉΓòÉΓòÉΓòÉΓòÉΓòÉΓòÉΓòÉΓòÉΓòÉΓòÉΓòÉΓòÉΓòÉΓòÉΓòÉΓòÉ
00:00 +0 -1: Smoke test - App runs and loads Beranda [E]
  Test failed. See exception logs above.
  The test description was: Smoke test - App runs and loads Beranda
  
00:00 +0 -1: Some tests failed.
